Info@DESKTOP-6NM67C4 MINGW64 ~/p (master)
$ git commit -a -m "msg"
On branch master
Your branch is up to date with 'origin/master'.

Untracked files:
  (use "git add <file>..." to include in what will be committed)
        commands

nothing added to commit but untracked files present (use "git add" to track)

Info@DESKTOP-6NM67C4 MINGW64 ~/p (master)
$ git add .

Info@DESKTOP-6NM67C4 MINGW64 ~/p (master)
$ git push -u origin master
warning: redirecting to https://github.com/Sushmithagowda1999/asss1.git/
Everything up-to-date
branch 'master' set up to track 'origin/master'.

Info@DESKTOP-6NM67C4 MINGW64 ~/p (master)
$ touch command.txt

Info@DESKTOP-6NM67C4 MINGW64 ~/p (master)
$ git add .

Info@DESKTOP-6NM67C4 MINGW64 ~/p (master)
$ git commit -a -m "msg"
[master 27b9562] msg
 2 files changed, 0 insertions(+), 0 deletions(-)
 create mode 100644 command.txt
 create mode 100644 commands

Info@DESKTOP-6NM67C4 MINGW64 ~/p (master)
$ git push -u origin master
warning: redirecting to https://github.com/Sushmithagowda1999/asss1.git/
Enumerating objects: 3, done.
Counting objects: 100% (3/3), done.
Delta compression using up to 4 threads
Compressing objects: 100% (2/2), done.
Writing objects: 100% (2/2), 251 bytes | 251.00 KiB/s, done.
Total 2 (delta 1), reused 0 (delta 0), pack-reused 0
remote: Resolving deltas: 100% (1/1), completed with 1 local object.
To http://github.com/Sushmithagowda1999/asss1.git
   2f23c02..27b9562  master -> master
branch 'master' set up to track 'origin/master'.

Info@DESKTOP-6NM67C4 MINGW64 ~/p (master)
$
